aaaaa           [1]: 1
aaaab           [1]: 1
aaaac           [1]: 1
aaaad           [1]: 1
aaaae           [1]: 2
aaaaf           [1]: 2
aaaag           [1]: 2
aaaah           [1]: 2
aaaai           [1]: 3
aaaaj           [1]: 3
aaaak           [1]: 3
aaaal           [1]: 3
aaaam           [1]: 4
aaaan           [1]: 4
aaaao           [1]: 4
aaaap           [1]: 4
aaaaq           [1]: 5
aaaar           [1]: 5
aaaas           [1]: 5
aaaat           [1]: 5
aaaau           [1]: 6
aaaav           [1]: 6
aaaaw           [1]: 6
aaaax           [1]: 6
aaaay           [1]: 7
aaaaz           [1]: 7
aaaba           [1]: 7
aaabb           [1]: 7
aaabc           [1]: 8
aaabd           [1]: 8
aaabe           [1]: 8
aaabf           [1]: 8
aaabg           [1]: 9
aaabh           [1]: 9
aaabi           [1]: 9
aaabj           [1]: 9
aaabk           [1]: 10
aaabl           [1]: 10
aaabm           [1]: 10
aaabn           [1]: 10
aaabo           [1]: 11
aaabp           [1]: 11
aaabq           [1]: 11
aaabr           [1]: 11
aaabs           [1]: 12
aaabt           [1]: 12
aaabu           [1]: 12
aaabv           [1]: 12
aaabw           [1]: 13
aaabx           [1]: 13
aaaby           [1]: 13
aaabz           [1]: 13
aaaca           [1]: 14
aaacb           [1]: 14
aaacc           [1]: 14
aaacd           [1]: 14
aaace           [1]: 15
aaacf           [1]: 15
aaacg           [1]: 15
aaach           [1]: 15
aaaci           [1]: 16
aaacj           [1]: 16
aaack           [1]: 16
aaacl           [1]: 16
aaacm           [1]: 17
aaacn           [1]: 17
aaaco           [1]: 17
aaacp           [1]: 17
aaacq           [1]: 18
aaacr           [1]: 18
aaacs           [1]: 18
aaact           [1]: 18
aaacu           [1]: 19
aaacv           [1]: 19
aaacw           [1]: 19
aaacx           [1]: 19
aaacy           [1]: 20
aaacz           [1]: 20
aaada           [1]: 20
aaadb           [1]: 20
aaadc           [1]: 21
aaadd           [1]: 21
aaade           [1]: 21
aaadf           [1]: 21
aaadg           [1]: 22
aaadh           [1]: 22
aaadi           [1]: 22
aaadj           [1]: 22
aaadk           [1]: 23
aaadl           [1]: 23
aaadm           [1]: 23
aaadn           [1]: 23
aaado           [1]: 24
aaadp           [1]: 24
aaadq           [1]: 24
aaadr           [1]: 24
aaads           [1]: 25
aaadt           [1]: 25
aaadu           [1]: 25
aaadv           [1]: 25
aaadw           [1]: 26
aaadx           [1]: 26
aaady           [1]: 26
aaadz           [1]: 26
aaaea           [1]: 27
aaaeb           [1]: 27
aaaec           [1]: 27
aaaed           [1]: 27
aaaee           [1]: 28
aaaef           [1]: 28
aaaeg           [1]: 28
aaaeh           [1]: 28
aaaei           [1]: 29
aaaej           [1]: 29
aaaek           [1]: 29
aaael           [1]: 29
aaaem           [1]: 30
aaaen           [1]: 30
aaaeo           [1]: 30
aaaep           [1]: 30
aaaeq           [1]: 31
aaaer           [1]: 31
aaaes           [1]: 31
aaaet           [1]: 31
aaaeu           [1]: 32
aaaev           [1]: 32
aaaew           [1]: 32
aaaex           [1]: 32
aaaey           [1]: 33
aaaez           [1]: 33
aaafa           [1]: 33
aaafb           [1]: 33
aaafc           [1]: 34
aaafd           [1]: 34
aaafe           [1]: 34
aaaff           [1]: 34
aaafg           [1]: 35
aaafh           [1]: 35
aaafi           [1]: 35
aaafj           [1]: 35
aaafk           [1]: 36
aaafl           [1]: 36
aaafm           [1]: 36
aaafn           [1]: 36
aaafo           [1]: 37
aaafp           [1]: 37
aaafq           [1]: 37
aaafr           [1]: 37
aaafs           [1]: 38
aaaft           [1]: 38
aaafu           [1]: 38
aaafv           [1]: 38
aaafw           [1]: 39
aaafx           [1]: 39
aaafy           [1]: 39
aaafz           [1]: 39
aaaga           [1]: 40
aaagb           [1]: 40
aaagc           [1]: 40
aaagd           [1]: 40
aaage           [1]: 41
aaagf           [1]: 41
aaagg           [1]: 41
aaagh           [1]: 41
aaagi           [1]: 42
aaagj           [1]: 42
aaagk           [1]: 42
aaagl           [1]: 42
aaagm           [1]: 43
aaagn           [1]: 43
aaago           [1]: 43
aaagp           [1]: 43
aaagq           [1]: 44
aaagr           [1]: 44
aaags           [1]: 44
aaagt           [1]: 44
aaagu           [1]: 45
aaagv           [1]: 45
aaagw           [1]: 45
aaagx           [1]: 45
aaagy           [1]: 46
aaagz           [1]: 46
aaaha           [1]: 46
aaahb           [1]: 46
aaahc           [1]: 47
aaahd           [1]: 47
aaahe           [1]: 47
aaahf           [1]: 47
aaahg           [1]: 48
aaahh           [1]: 48
aaahi           [1]: 48
aaahj           [1]: 48
aaahk           [1]: 49
aaahl           [1]: 49
aaahm           [1]: 49
aaahn           [1]: 49
aaaho           [1]: 50
aaahp           [1]: 50
aaahq           [1]: 50
aaahr           [1]: 50
aaahs           [1]: 51
aaaht           [1]: 51
aaahu           [1]: 51
aaahv           [1]: 51
aaahw           [1]: 52
aaahx           [1]: 52
aaahy           [1]: 52
aaahz           [1]: 52
aaaia           [1]: 53
aaaib           [1]: 53
aaaic           [1]: 53
aaaid           [1]: 53
aaaie           [1]: 54
aaaif           [1]: 54
aaaig           [1]: 54
aaaih           [1]: 54
aaaii           [1]: 55
aaaij           [1]: 55
aaaik           [1]: 55
aaail           [1]: 55
aaaim           [1]: 56
aaain           [1]: 56
aaaio           [1]: 56
aaaip           [1]: 56
aaaiq           [1]: 57
aaair           [1]: 57
aaais           [1]: 57
aaait           [1]: 57
aaaiu           [1]: 58
aaaiv           [1]: 58
aaaiw           [1]: 58
aaaix           [1]: 58
aaaiy           [1]: 59
aaaiz           [1]: 59
aaaja           [1]: 59
aaajb           [1]: 59
aaajc           [1]: 60
aaajd           [1]: 60
aaaje           [1]: 60
aaajf           [1]: 60
aaajg           [1]: 61
aaajh           [1]: 61
aaaji           [1]: 61
aaajj           [1]: 61
aaajk           [1]: 62
aaajl           [1]: 62
aaajm           [1]: 62
aaajn           [1]: 62
aaajo           [1]: 63
aaajp           [1]: 63
aaajq           [1]: 63
aaajr           [1]: 63
aaajs           [1]: 64
aaajt           [1]: 64
aaaju           [1]: 64
aaajv           [1]: 64
aaajw           [1]: 65
aaajx           [1]: 65
aaajy           [1]: 65
aaajz           [1]: 65
aaaka           [1]: 66
aaakb           [1]: 66
aaakc           [1]: 66
aaakd           [1]: 66
aaake           [1]: 67
aaakf           [1]: 67
aaakg           [1]: 67
aaakh           [1]: 67
aaaki           [1]: 68
aaakj           [1]: 68
aaakk           [1]: 68
aaakl           [1]: 68
aaakm           [1]: 69
aaakn           [1]: 69
aaako           [1]: 69
aaakp           [1]: 69
aaakq           [1]: 70
aaakr           [1]: 70
aaaks           [1]: 70
aaakt           [1]: 70
aaaku           [1]: 71
aaakv           [1]: 71
aaakw           [1]: 71
aaakx           [1]: 71
aaaky           [1]: 72
aaakz           [1]: 72
aaala           [1]: 72
aaalb           [1]: 72
aaalc           [1]: 73
aaald           [1]: 73
aaale           [1]: 73
aaalf           [1]: 73
aaalg           [1]: 74
aaalh           [1]: 74
aaali           [1]: 74
aaalj           [1]: 74
aaalk           [1]: 75
aaall           [1]: 75
aaalm           [1]: 75
aaaln           [1]: 75
aaalo           [1]: 76
aaalp           [1]: 76
aaalq           [1]: 76
aaalr           [1]: 76
aaals           [1]: 77
aaalt           [1]: 77
aaalu           [1]: 77
aaalv           [1]: 77
aaalw           [1]: 78
aaalx           [1]: 78
aaaly           [1]: 78
aaalz           [1]: 78
aaama           [1]: 79
aaamb           [1]: 79
aaamc           [1]: 79
aaamd           [1]: 79
aaame           [1]: 80
aaamf           [1]: 80
aaamg           [1]: 80
aaamh           [1]: 80
aaami           [1]: 81
aaamj           [1]: 81
aaamk           [1]: 81
aaaml           [1]: 81
aaamm           [1]: 82
aaamn           [1]: 82
aaamo           [1]: 82
aaamp           [1]: 82
aaamq           [1]: 83
aaamr           [1]: 83
aaams           [1]: 83
aaamt           [1]: 83
aaamu           [1]: 84
aaamv           [1]: 84
aaamw           [1]: 84
aaamx           [1]: 84
aaamy           [1]: 85
aaamz           [1]: 85
aaana           [1]: 85
aaanb           [1]: 85
aaanc           [1]: 86
aaand           [1]: 86
aaane           [1]: 86
aaanf           [1]: 86
aaang           [1]: 87
aaanh           [1]: 87
aaani           [1]: 87
aaanj           [1]: 87
aaank           [1]: 88
aaanl           [1]: 88
aaanm           [1]: 88
aaann           [1]: 88
aaano           [1]: 89
aaanp           [1]: 89
aaanq           [1]: 89
aaanr           [1]: 89
aaans           [1]: 90
aaant           [1]: 90
aaanu           [1]: 90
aaanv           [1]: 90
aaanw           [1]: 91
aaanx           [1]: 91
aaany           [1]: 91
aaanz           [1]: 91
aaaoa           [1]: 92
aaaob           [1]: 92
aaaoc           [1]: 92
aaaod           [1]: 92
aaaoe           [1]: 93
aaaof           [1]: 93
aaaog           [1]: 93
aaaoh           [1]: 93
aaaoi           [1]: 94
aaaoj           [1]: 94
aaaok           [1]: 94
aaaol           [1]: 94
aaaom           [1]: 95
aaaon           [1]: 95
aaaoo           [1]: 95
aaaop           [1]: 95
aaaoq           [1]: 96
aaaor           [1]: 96
aaaos           [1]: 96
aaaot           [1]: 96
aaaou           [1]: 97
aaaov           [1]: 97
aaaow           [1]: 97
aaaox           [1]: 97
aaaoy           [1]: 98
aaaoz           [1]: 98
aaapa           [1]: 98
aaapb           [1]: 98
aaapc           [1]: 99
aaapd           [1]: 99
aaape           [1]: 99
aaapf           [1]: 99
aaapg           [1]: 100
aaaph           [1]: 100
aaapi           [1]: 100
aaapj           [1]: 100
aaapk           [1]: 101
aaapl           [1]: 101
aaapm           [1]: 101
aaapn           [1]: 101
aaapo           [1]: 102
aaapp           [1]: 102
aaapq           [1]: 102
aaapr           [1]: 102
aaaps           [1]: 103
aaapt           [1]: 103
aaapu           [1]: 103
aaapv           [1]: 103
aaapw           [1]: 104
aaapx           [1]: 104
aaapy           [1]: 104
aaapz           [1]: 104
aaaqa           [1]: 105
aaaqb           [1]: 105
aaaqc           [1]: 105
aaaqd           [1]: 105
aaaqe           [1]: 106
aaaqf           [1]: 106
aaaqg           [1]: 106
aaaqh           [1]: 106
aaaqi           [1]: 107
aaaqj           [1]: 107
aaaqk           [1]: 107
aaaql           [1]: 107
aaaqm           [1]: 108
aaaqn           [1]: 108
aaaqo           [1]: 108
aaaqp           [1]: 108
aaaqq           [1]: 109
aaaqr           [1]: 109
aaaqs           [1]: 109
aaaqt           [1]: 109
aaaqu           [1]: 110
aaaqv           [1]: 110
aaaqw           [1]: 110
aaaqx           [1]: 110
aaaqy           [1]: 111
aaaqz           [1]: 111
aaara           [1]: 111
aaarb           [1]: 111
aaarc           [1]: 112
aaard           [1]: 112
aaare           [1]: 112
aaarf           [1]: 112
aaarg           [1]: 113
aaarh           [1]: 113
aaari           [1]: 113
aaarj           [1]: 113
aaark           [1]: 114
aaarl           [1]: 114
aaarm           [1]: 114
aaarn           [1]: 114
aaaro           [1]: 115
aaarp           [1]: 115
aaarq           [1]: 115
aaarr           [1]: 115
aaars           [1]: 116
aaart           [1]: 116
aaaru           [1]: 116
aaarv           [1]: 116
aaarw           [1]: 117
aaarx           [1]: 117
aaary           [1]: 117
aaarz           [1]: 117
aaasa           [1]: 118
aaasb           [1]: 118
aaasc           [1]: 118
aaasd           [1]: 118
aaase           [1]: 119
aaasf           [1]: 119
aaasg           [1]: 119
aaash           [1]: 119
aaasi           [1]: 120
aaasj           [1]: 120
aaask           [1]: 120
aaasl           [1]: 120
aaasm           [1]: 121
aaasn           [1]: 121
aaaso           [1]: 121
aaasp           [1]: 121
aaasq           [1]: 122
aaasr           [1]: 122
aaass           [1]: 122
aaast           [1]: 122
aaasu           [1]: 123
aaasv           [1]: 123
aaasw           [1]: 123
aaasx           [1]: 123
aaasy           [1]: 124
aaasz           [1]: 124
aaata           [1]: 124
aaatb           [1]: 124
aaatc           [1]: 125
aaatd           [1]: 125
aaate           [1]: 125
aaatf           [1]: 125
aaatg           [1]: 126
aaath           [1]: 126
aaati           [1]: 126
aaatj           [1]: 126
aaatk           [1]: 127
aaatl           [1]: 127
aaatm           [1]: 127
aaatn           [1]: 127
aaato           [1]: 128
aaatp           [1]: 128
aaatq           [1]: 128
aaatr           [1]: 128
aaats           [1]: 129
aaatt           [1]: 129
aaatu           [1]: 129
aaatv           [1]: 129
aaatw           [1]: 130
aaatx           [1]: 130
aaaty           [1]: 130
aaatz           [1]: 130
aaaua           [1]: 131
aaaub           [1]: 131
aaauc           [1]: 131
aaaud           [1]: 131
aaaue           [1]: 132
aaauf           [1]: 132
aaaug           [1]: 132
aaauh           [1]: 132
aaaui           [1]: 133
aaauj           [1]: 133
aaauk           [1]: 133
aaaul           [1]: 133
aaaum           [1]: 134
aaaun           [1]: 134
aaauo           [1]: 134
aaaup           [1]: 134
aaauq           [1]: 135
aaaur           [1]: 135
aaaus           [1]: 135
aaaut           [1]: 135
aaauu           [1]: 136
aaauv           [1]: 136
aaauw           [1]: 136
aaaux           [1]: 136
aaauy           [1]: 137
aaauz           [1]: 137
aaava           [1]: 137
aaavb           [1]: 137
aaavc           [1]: 138
aaavd           [1]: 138
aaave           [1]: 138
aaavf           [1]: 138
aaavg           [1]: 139
aaavh           [1]: 139
aaavi           [1]: 139
aaavj           [1]: 139
aaavk           [1]: 140
aaavl           [1]: 140
aaavm           [1]: 140
aaavn           [1]: 140
aaavo           [1]: 141
aaavp           [1]: 141
aaavq           [1]: 141
aaavr           [1]: 141
aaavs           [1]: 142
aaavt           [1]: 142
aaavu           [1]: 142
aaavv           [1]: 142
aaavw           [1]: 143
aaavx           [1]: 143
aaavy           [1]: 143
aaavz           [1]: 143
aaawa           [1]: 144
aaawb           [1]: 144
aaawc           [1]: 144
aaawd           [1]: 144
aaawe           [1]: 145
aaawf           [1]: 145
aaawg           [1]: 145
aaawh           [1]: 145
aaawi           [1]: 146
aaawj           [1]: 146
aaawk           [1]: 146
aaawl           [1]: 146
aaawm           [1]: 147
aaawn           [1]: 147
aaawo           [1]: 147
aaawp           [1]: 147
aaawq           [1]: 148
aaawr           [1]: 148
aaaws           [1]: 148
aaawt           [1]: 148
aaawu           [1]: 149
aaawv           [1]: 149
aaaww           [1]: 149
aaawx           [1]: 149
aaawy           [1]: 150
aaawz           [1]: 150
aaaxa           [1]: 150
aaaxb           [1]: 150
aaaxc           [1]: 151
aaaxd           [1]: 151
aaaxe           [1]: 151
aaaxf           [1]: 151
aaaxg           [1]: 152
aaaxh           [1]: 152
aaaxi           [1]: 152
aaaxj           [1]: 152
aaaxk           [1]: 153
aaaxl           [1]: 153
aaaxm           [1]: 153
aaaxn           [1]: 153
aaaxo           [1]: 154
aaaxp           [1]: 154
aaaxq           [1]: 154
aaaxr           [1]: 154
aaaxs           [1]: 155
aaaxt           [1]: 155
aaaxu           [1]: 155
aaaxv           [1]: 155
aaaxw           [1]: 156
aaaxx           [1]: 156
aaaxy           [1]: 156
aaaxz           [1]: 156
aaaya           [1]: 157
aaayb           [1]: 157
aaayc           [1]: 157
aaayd           [1]: 157
aaaye           [1]: 158
aaayf           [1]: 158
aaayg           [1]: 158
aaayh           [1]: 158
aaayi           [1]: 159
aaayj           [1]: 159
aaayk           [1]: 159
aaayl           [1]: 159
aaaym           [1]: 160
aaayn           [1]: 160
aaayo           [1]: 160
aaayp           [1]: 160
aaayq           [1]: 161
aaayr           [1]: 161
aaays           [1]: 161
aaayt           [1]: 161
aaayu           [1]: 162
aaayv           [1]: 162
aaayw           [1]: 162
aaayx           [1]: 162
aaayy           [1]: 163
aaayz           [1]: 163
aaaza           [1]: 163
aaazb           [1]: 163
aaazc           [1]: 164
aaazd           [1]: 164
aaaze           [1]: 164
aaazf           [1]: 164
aaazg           [1]: 165
aaazh           [1]: 165
aaazi           [1]: 165
aaazj           [1]: 165
aaazk           [1]: 166
aaazl           [1]: 166
aaazm           [1]: 166
aaazn           [1]: 166
aaazo           [1]: 167
aaazp           [1]: 167
aaazq           [1]: 167
aaazr           [1]: 167
aaazs           [1]: 168
aaazt           [1]: 168
aaazu           [1]: 168
aaazv           [1]: 168
aaazw           [1]: 169
aaazx           [1]: 169
aaazy           [1]: 169
aaazz           [1]: 169
aabaa           [1]: 170
aabab           [1]: 170
aabac           [1]: 170
aabad           [1]: 170
aabae           [1]: 171
aabaf           [1]: 171
aabag           [1]: 171
aabah           [1]: 171
aabai           [1]: 172
aabaj           [1]: 172
aabak           [1]: 172
aabal           [1]: 172
aabam           [1]: 173
aaban           [1]: 173
aabao           [1]: 173
aabap           [1]: 173
aabaq           [1]: 174
aabar           [1]: 174
aabas           [1]: 174
aabat           [1]: 174
aabau           [1]: 175
aabav           [1]: 175
aabaw           [1]: 175
aabax           [1]: 175
aabay           [1]: 176
aabaz           [1]: 176
aabba           [1]: 176
aabbb           [1]: 176
aabbc           [1]: 177
aabbd           [1]: 177
aabbe           [1]: 177
aabbf           [1]: 177
aabbg           [1]: 178
aabbh           [1]: 178
aabbi           [1]: 178
aabbj           [1]: 178
aabbk           [1]: 179
aabbl           [1]: 179
aabbm           [1]: 179
aabbn           [1]: 179
aabbo           [1]: 180
aabbp           [1]: 180
aabbq           [1]: 180
aabbr           [1]: 180
aabbs           [1]: 181
aabbt           [1]: 181
aabbu           [1]: 181
aabbv           [1]: 181
aabbw           [1]: 182
aabbx           [1]: 182
aabby           [1]: 182
aabbz           [1]: 182
aabca           [1]: 183
aabcb           [1]: 183
aabcc           [1]: 183
aabcd           [1]: 183
aabce           [1]: 184
aabcf           [1]: 184
aabcg           [1]: 184
aabch           [1]: 184
aabci           [1]: 185
aabcj           [1]: 185
aabck           [1]: 185
aabcl           [1]: 185
aabcm           [1]: 186
aabcn           [1]: 186
aabco           [1]: 186
aabcp           [1]: 186
aabcq           [1]: 187
aabcr           [1]: 187
aabcs           [1]: 187
aabct           [1]: 187
aabcu           [1]: 188
aabcv           [1]: 188
aabcw           [1]: 188
aabcx           [1]: 188
aabcy           [1]: 189
aabcz           [1]: 189
aabda           [1]: 189
aabdb           [1]: 189
aabdc           [1]: 190
aabdd           [1]: 190
aabde           [1]: 190
aabdf           [1]: 190
aabdg           [1]: 191
aabdh           [1]: 191
aabdi           [1]: 191
aabdj           [1]: 191
aabdk           [1]: 192
aabdl           [1]: 192
aabdm           [1]: 192
aabdn           [1]: 192
aabdo           [1]: 193
aabdp           [1]: 193
aabdq           [1]: 193
aabdr           [1]: 193
aabds           [1]: 194
aabdt           [1]: 194
aabdu           [1]: 194
aabdv           [1]: 194
aabdw           [1]: 195
aabdx           [1]: 195
aabdy           [1]: 195
aabdz           [1]: 195
aabea           [1]: 196
aabeb           [1]: 196
aabec           [1]: 196
aabed           [1]: 196
aabee           [1]: 197
aabef           [1]: 197
aabeg           [1]: 197
aabeh           [1]: 197
aabei           [1]: 198
aabej           [1]: 198
aabek           [1]: 198
aabel           [1]: 198
aabem           [1]: 199
aaben           [1]: 199
aabeo           [1]: 199
aabep           [1]: 199
aabeq           [1]: 200
aaber           [1]: 200
aabes           [1]: 200
aabet           [1]: 200
aabeu           [1]: 201
aabev           [1]: 201
aabew           [1]: 201
aabex           [1]: 201
aabey           [1]: 202
aabez           [1]: 202
aabfa           [1]: 202
aabfb           [1]: 202
aabfc           [1]: 203
aabfd           [1]: 203
aabfe           [1]: 203
aabff           [1]: 203
aabfg           [1]: 204
aabfh           [1]: 204
aabfi           [1]: 204
aabfj           [1]: 204
aabfk           [1]: 205
aabfl           [1]: 205
aabfm           [1]: 205
aabfn           [1]: 205
aabfo           [1]: 206
aabfp           [1]: 206
aabfq           [1]: 206
aabfr           [1]: 206
aabfs           [1]: 207
aabft           [1]: 207
aabfu           [1]: 207
aabfv           [1]: 207
aabfw           [1]: 208
aabfx           [1]: 208
aabfy           [1]: 208
aabfz           [1]: 208
aabga           [1]: 209
aabgb           [1]: 209
aabgc           [1]: 209
aabgd           [1]: 209
aabge           [1]: 210
aabgf           [1]: 210
aabgg           [1]: 210
aabgh           [1]: 210
aabgi           [1]: 211
aabgj           [1]: 211
aabgk           [1]: 211
aabgl           [1]: 211
aabgm           [1]: 212
aabgn           [1]: 212
aabgo           [1]: 212
aabgp           [1]: 212
aabgq           [1]: 213
aabgr           [1]: 213
aabgs           [1]: 213
aabgt           [1]: 213
aabgu           [1]: 214
aabgv           [1]: 214
aabgw           [1]: 214
aabgx           [1]: 214
aabgy           [1]: 215
aabgz           [1]: 215
aabha           [1]: 215
aabhb           [1]: 215
aabhc           [1]: 216
aabhd           [1]: 216
aabhe           [1]: 216
aabhf           [1]: 216
aabhg           [1]: 217
aabhh           [1]: 217
aabhi           [1]: 217
aabhj           [1]: 217
aabhk           [1]: 218
aabhl           [1]: 218
aabhm           [1]: 218
aabhn           [1]: 218
aabho           [1]: 219
aabhp           [1]: 219
aabhq           [1]: 219
aabhr           [1]: 219
aabhs           [1]: 220
aabht           [1]: 220
aabhu           [1]: 220
aabhv           [1]: 220
aabhw           [1]: 221
aabhx           [1]: 221
aabhy           [1]: 221
aabhz           [1]: 221
aabia           [1]: 222
aabib           [1]: 222
aabic           [1]: 222
aabid           [1]: 222
aabie           [1]: 223
aabif           [1]: 223
aabig           [1]: 223
aabih           [1]: 223
aabii           [1]: 224
aabij           [1]: 224
aabik           [1]: 224
aabil           [1]: 224
aabim           [1]: 225
aabin           [1]: 225
aabio           [1]: 225
aabip           [1]: 225
aabiq           [1]: 226
aabir           [1]: 226
aabis           [1]: 226
aabit           [1]: 226
aabiu           [1]: 227
aabiv           [1]: 227
aabiw           [1]: 227
aabix           [1]: 227
aabiy           [1]: 228
aabiz           [1]: 228
aabja           [1]: 228
aabjb           [1]: 228
aabjc           [1]: 229
aabjd           [1]: 229
aabje           [1]: 229
aabjf           [1]: 229
aabjg           [1]: 230
aabjh           [1]: 230
aabji           [1]: 230
aabjj           [1]: 230
aabjk           [1]: 231
aabjl           [1]: 231
aabjm           [1]: 231
aabjn           [1]: 231
aabjo           [1]: 232
aabjp           [1]: 232
aabjq           [1]: 232
aabjr           [1]: 232
aabjs           [1]: 233
aabjt           [1]: 233
aabju           [1]: 233
aabjv           [1]: 233
aabjw           [1]: 234
aabjx           [1]: 234
aabjy           [1]: 234
aabjz           [1]: 234
aabka           [1]: 235
aabkb           [1]: 235
aabkc           [1]: 235
aabkd           [1]: 235
aabke           [1]: 236
aabkf           [1]: 236
aabkg           [1]: 236
aabkh           [1]: 236
aabki           [1]: 237
aabkj           [1]: 237
aabkk           [1]: 237
aabkl           [1]: 237
aabkm           [1]: 238
aabkn           [1]: 238
aabko           [1]: 238
aabkp           [1]: 238
aabkq           [1]: 239
aabkr           [1]: 239
aabks           [1]: 239
aabkt           [1]: 239
aabku           [1]: 240
aabkv           [1]: 240
aabkw           [1]: 240
aabkx           [1]: 240
aabky           [1]: 241
aabkz           [1]: 241
aabla           [1]: 241
aablb           [1]: 241
aablc           [1]: 242
aabld           [1]: 242
aable           [1]: 242
aablf           [1]: 242
aablg           [1]: 243
aablh           [1]: 243
aabli           [1]: 243
aablj           [1]: 243
aablk           [1]: 244
aabll           [1]: 244
aablm           [1]: 244
aabln           [1]: 244
aablo           [1]: 245
aablp           [1]: 245
aablq           [1]: 245
aablr           [1]: 245
aabls           [1]: 246
aablt           [1]: 246
aablu           [1]: 246
aablv           [1]: 246
aablw           [1]: 247
aablx           [1]: 247
aably           [1]: 247
aablz           [1]: 247
aabma           [1]: 248
aabmb           [1]: 248
aabmc           [1]: 248
aabmd           [1]: 248
aabme           [1]: 249
aabmf           [1]: 249
aabmg           [1]: 249
aabmh           [1]: 249
aabmi           [1]: 250
aabmj           [1]: 250
aabmk           [1]: 250
aabml           [1]: 250
aabmm           [1]: 251
aabmn           [1]: 251
aabmo           [1]: 251
aabmp           [1]: 251
aabmq           [1]: 252
aabmr           [1]: 252
aabms           [1]: 252
aabmt           [1]: 252
aabmu           [1]: 253
aabmv           [1]: 253
aabmw           [1]: 253
aabmx           [1]: 253
aabmy           [1]: 254
aabmz           [1]: 254
aabna           [1]: 254
aabnb           [1]: 254
aabnc           [1]: 255
aabnd           [1]: 255
aabne           [1]: 255
aabnf           [1]: 255
aabng           [1]: 256
aabnh           [1]: 256
aabni           [1]: 256
aabnj           [1]: 256
aabnk           [1]: 257
aabnl           [1]: 257
aabnm           [1]: 257
aabnn           [1]: 257
aabno           [1]: 258
aabnp           [1]: 258
aabnq           [1]: 258
aabnr           [1]: 258
aabns           [1]: 259
aabnt           [1]: 259
aabnu           [1]: 259
aabnv           [1]: 259
aabnw           [1]: 260
aabnx           [1]: 260
aabny           [1]: 260
aabnz           [1]: 260
aaboa           [1]: 261
aabob           [1]: 261
aaboc           [1]: 261
aabod           [1]: 261
aaboe           [1]: 262
aabof           [1]: 262
aabog           [1]: 262
aaboh           [1]: 262
aaboi           [1]: 263
aaboj           [1]: 263
aabok           [1]: 263
aabol           [1]: 263
aabom           [1]: 264
aabon           [1]: 264
aaboo           [1]: 264
aabop           [1]: 264
aaboq           [1]: 265
aabor           [1]: 265
aabos           [1]: 265
aabot           [1]: 265
aabou           [1]: 266
aabov           [1]: 266
aabow           [1]: 266
aabox           [1]: 266
aaboy           [1]: 267
aaboz           [1]: 267
aabpa           [1]: 267
aabpb           [1]: 267
aabpc           [1]: 268
aabpd           [1]: 268
aabpe           [1]: 268
aabpf           [1]: 268
aabpg           [1]: 269
aabph           [1]: 269
aabpi           [1]: 269
aabpj           [1]: 269
aabpk           [1]: 270
aabpl           [1]: 270
aabpm           [1]: 270
aabpn           [1]: 270
aabpo           [1]: 271
aabpp           [1]: 271
aabpq           [1]: 271
aabpr           [1]: 271
aabps           [1]: 272
aabpt           [1]: 272
aabpu           [1]: 272
aabpv           [1]: 272
aabpw           [1]: 273
aabpx           [1]: 273
aabpy           [1]: 273
aabpz           [1]: 273
aabqa           [1]: 274
aabqb           [1]: 274
aabqc           [1]: 274
aabqd           [1]: 274
aabqe           [1]: 275
aabqf           [1]: 275
aabqg           [1]: 275
aabqh           [1]: 275
aabqi           [1]: 276
aabqj           [1]: 276
aabqk           [1]: 276
aabql           [1]: 276
aabqm           [1]: 277
aabqn           [1]: 277
aabqo           [1]: 277
aabqp           [1]: 277
aabqq           [1]: 278
aabqr           [1]: 278
aabqs           [1]: 278
aabqt           [1]: 278
aabqu           [1]: 279
aabqv           [1]: 279
aabqw           [1]: 279
aabqx           [1]: 279
aabqy           [1]: 280
aabqz           [1]: 280
aabra           [1]: 280
aabrb           [1]: 280
aabrc           [1]: 281
aabrd           [1]: 281
aabre           [1]: 281
aabrf           [1]: 281
aabrg           [1]: 282
aabrh           [1]: 282
aabri           [1]: 282
aabrj           [1]: 282
aabrk           [1]: 283
aabrl           [1]: 283
aabrm           [1]: 283
aabrn           [1]: 283
aabro           [1]: 284
aabrp           [1]: 284
aabrq           [1]: 284
aabrr           [1]: 284
aabrs           [1]: 285
aabrt           [1]: 285
aabru           [1]: 285
aabrv           [1]: 285
aabrw           [1]: 286
aabrx           [1]: 286
aabry           [1]: 286
aabrz           [1]: 286
aabsa           [1]: 287
aabsb           [1]: 287
aabsc           [1]: 287
aabsd           [1]: 287
aabse           [1]: 288
aabsf           [1]: 288
aabsg           [1]: 288
aabsh           [1]: 288
aabsi           [1]: 289
aabsj           [1]: 289
aabsk           [1]: 289
aabsl           [1]: 289
aabsm           [1]: 290
aabsn           [1]: 290
aabso           [1]: 290
aabsp           [1]: 290
aabsq           [1]: 291
aabsr           [1]: 291
aabss           [1]: 291
aabst           [1]: 291
aabsu           [1]: 292
aabsv           [1]: 292
aabsw           [1]: 292
aabsx           [1]: 292
aabsy           [1]: 293
aabsz           [1]: 293
aabta           [1]: 293
aabtb           [1]: 293
aabtc           [1]: 294
aabtd           [1]: 294
aabte           [1]: 294
aabtf           [1]: 294
aabtg           [1]: 295
aabth           [1]: 295
aabti           [1]: 295
aabtj           [1]: 295
aabtk           [1]: 296
aabtl           [1]: 296
aabtm           [1]: 296
aabtn           [1]: 296
aabto           [1]: 297
aabtp           [1]: 297
aabtq           [1]: 297
aabtr           [1]: 297
aabts           [1]: 298
aabtt           [1]: 298
aabtu           [1]: 298
aabtv           [1]: 298
aabtw           [1]: 299
aabtx           [1]: 299
aabty           [1]: 299
aabtz           [1]: 299
aabua           [1]: 300
aabub           [1]: 300
aabuc           [1]: 300
aabud           [1]: 300
