Running this test case should result in an error, because
there are too many distinct words in the input file
